First building id/name, followed by Enter: Second building id/name, followed by Enter: Unknown building: [NA]
Unknown building: [NA2]
First building id/name, followed by Enter: Second building id/name, followed by Enter: Unknown building: [NA]
First building id/name, followed by Enter: Second building id/name, followed by Enter: Unknown building: [108]
Unknown building: [109]
First building id/name, followed by Enter: Second building id/name, followed by Enter: Unknown building: [108]
First building id/name, followed by Enter: Second building id/name, followed by Enter: Path from Troy Building to Troy Building:
Total distance: 0.000 pixel units.
First building id/name, followed by Enter: Second building id/name, followed by Enter: Path from Troy Building to Troy Building:
Total distance: 0.000 pixel units.
First building id/name, followed by Enter: Second building id/name, followed by Enter: Path from Troy Building to Troy Building:
Total distance: 0.000 pixel units.